FAIL tests/performance/benchmark.test.ts (15.052 s)
  ● Console

    console.log
      Instance Creation: 1.45ms

      at Object.timeFunction (tests/setup.ts:182:13)

    console.log
      Date Arithmetic: 1.34ms

      at Object.timeFunction (tests/setup.ts:182:13)

    console.log
      Date Formatting: 1.32ms

      at Object.timeFunction (tests/setup.ts:182:13)

    console.log
      Instance Cloning: 0.78ms

      at Object.timeFunction (tests/setup.ts:182:13)

    console.log
      Fixed Holiday Calculation: 1.86ms

      at Object.timeFunction (tests/setup.ts:182:13)

    console.log
      Nth Weekday Holiday Calculation: 2.87ms

      at Object.timeFunction (tests/setup.ts:182:13)

    console.log
      Easter Calculation: 0.44ms

      at Object.timeFunction (tests/setup.ts:182:13)

    console.log
      Holiday Detection: 23.97ms

      at Object.timeFunction (tests/setup.ts:182:13)

    console.log
      Business Day Detection: 12.84ms

      at Object.timeFunction (tests/setup.ts:182:13)

    console.log
      Business Day Addition: 8559.47ms

      at Object.timeFunction (tests/setup.ts:182:13)

    console.log
      Business Days Between: 6042.30ms

      at Object.timeFunction (tests/setup.ts:182:13)

    console.log
      Locale Switching: 0.25ms

      at Object.timeFunction (tests/setup.ts:182:13)

    console.log
      Locale-specific Holiday Detection: 14.10ms

      at Object.timeFunction (tests/setup.ts:182:13)

    console.log
      Large Date Range Holiday Calculation: 2.39ms

      at Object.timeFunction (tests/setup.ts:182:13)

    console.log
      Business Days in Year: 1.08ms

      at Object.timeFunction (tests/setup.ts:182:13)

    console.log
      Plugin Method Calls: 35.84ms

      at Object.timeFunction (tests/setup.ts:182:13)

    console.log
      Leap Year Business Day Calculations: 32.45ms

      at Object.timeFunction (tests/setup.ts:182:13)

    console.log
      Year Boundary Operations: 2.70ms

      at Object.timeFunction (tests/setup.ts:182:13)

    console.log
      
      === Performance Test Summary ===

      at Object.<anonymous> (tests/performance/benchmark.test.ts:403:11)

    console.log
      All performance tests completed successfully

      at Object.<anonymous> (tests/performance/benchmark.test.ts:404:11)

    console.log
      Memory usage and execution time within acceptable limits

      at Object.<anonymous> (tests/performance/benchmark.test.ts:405:11)

    console.log
      Caching mechanisms working effectively

      at Object.<anonymous> (tests/performance/benchmark.test.ts:406:11)

    console.log
      Plugin system performing efficiently

      at Object.<anonymous> (tests/performance/benchmark.test.ts:407:11)

    console.log
      =====================================

      at Object.<anonymous> (tests/performance/benchmark.test.ts:408:11)

  ● Performance Benchmarks › Business Day Calculations › should calculate business days between dates quickly

    expect(received).toBeLessThan(expected)

    Expected: < 6000
    Received:   6042.300800000001

    [0m [90m 184 |[39m
     [90m 185 |[39m       expect(result[33m.[39mlength)[33m.[39mtoBe([33mITERATIONS[39m)[33m;[39m
    [31m[1m>[22m[39m[90m 186 |[39m       expect(duration)[33m.[39mtoBeLessThan([33mPERFORMANCE_THRESHOLD[39m [33m*[39m [35m60[39m)[33m;[39m [90m// Business day calculation is complex[39m
     [90m     |[39m                        [31m[1m^[22m[39m
     [90m 187 |[39m     })[33m;[39m
     [90m 188 |[39m   })[33m;[39m
     [90m 189 |[39m[0m

      at Object.<anonymous> (tests/performance/benchmark.test.ts:186:24)

PASS tests/unit/holiday/engine.test.ts
PASS tests/unit/plugins/timezone.test.ts
PASS tests/unit/plugins/relative-time.test.ts
PASS tests/unit/business/workday.test.ts
PASS tests/unit/plugins/parse-flexible.test.ts
PASS tests/unit/plugins/parse-unix.test.ts
PASS tests/unit/core/plugin-system.test.ts
PASS tests/unit/plugins/range.test.ts
PASS tests/unit/plugins/calendar.test.ts
PASS tests/unit/plugins/duration.test.ts
PASS tests/integration/locale-holiday.test.ts
PASS tests/unit/plugins/parse-rfc2822.test.ts
  ● Console

    console.warn
      RFC2822: Weekday mismatch. Expected Tue, got 3

    [0m [90m 267 |[39m     [36mreturn[39m[33m;[39m [90m// Suppress deprecation warnings in tests[39m
     [90m 268 |[39m   }
    [31m[1m>[22m[39m[90m 269 |[39m   originalWarn([33m...[39margs)[33m;[39m
     [90m     |[39m   [31m[1m^[22m[39m
     [90m 270 |[39m }[33m;[39m
     [90m 271 |[39m
     [90m 272 |[39m [36mexport[39m [36mdefault[39m kairos[33m;[39m[0m

      at console.Object.<anonymous>.console.warn (tests/setup.ts:269:3)
      at RFC2822Parser.parse (src/plugins/parse/rfc2822.ts:110:17)
      at tests/unit/plugins/parse-rfc2822.test.ts:56:31
          at Array.forEach (<anonymous>)
      at Object.<anonymous> (tests/unit/plugins/parse-rfc2822.test.ts:55:17)

    console.warn
      RFC2822: Weekday mismatch. Expected Tue, got 3

    [0m [90m 267 |[39m     [36mreturn[39m[33m;[39m [90m// Suppress deprecation warnings in tests[39m
     [90m 268 |[39m   }
    [31m[1m>[22m[39m[90m 269 |[39m   originalWarn([33m...[39margs)[33m;[39m
     [90m     |[39m   [31m[1m^[22m[39m
     [90m 270 |[39m }[33m;[39m
     [90m 271 |[39m
     [90m 272 |[39m [36mexport[39m [36mdefault[39m kairos[33m;[39m[0m

      at console.Object.<anonymous>.console.warn (tests/setup.ts:269:3)
      at RFC2822Parser.parse (src/plugins/parse/rfc2822.ts:110:17)
      at tests/unit/plugins/parse-rfc2822.test.ts:76:31
          at Array.forEach (<anonymous>)
      at Object.<anonymous> (tests/unit/plugins/parse-rfc2822.test.ts:75:22)

    console.warn
      RFC2822: Weekday mismatch. Expected Tue, got 3

    [0m [90m 267 |[39m     [36mreturn[39m[33m;[39m [90m// Suppress deprecation warnings in tests[39m
     [90m 268 |[39m   }
    [31m[1m>[22m[39m[90m 269 |[39m   originalWarn([33m...[39margs)[33m;[39m
     [90m     |[39m   [31m[1m^[22m[39m
     [90m 270 |[39m }[33m;[39m
     [90m 271 |[39m
     [90m 272 |[39m [36mexport[39m [36mdefault[39m kairos[33m;[39m[0m

      at console.Object.<anonymous>.console.warn (tests/setup.ts:269:3)
      at RFC2822Parser.parse (src/plugins/parse/rfc2822.ts:110:17)
      at tests/unit/plugins/parse-rfc2822.test.ts:76:31
          at Array.forEach (<anonymous>)
      at Object.<anonymous> (tests/unit/plugins/parse-rfc2822.test.ts:75:22)

    console.warn
      RFC2822: Weekday mismatch. Expected Tue, got 3

    [0m [90m 267 |[39m     [36mreturn[39m[33m;[39m [90m// Suppress deprecation warnings in tests[39m
     [90m 268 |[39m   }
    [31m[1m>[22m[39m[90m 269 |[39m   originalWarn([33m...[39margs)[33m;[39m
     [90m     |[39m   [31m[1m^[22m[39m
     [90m 270 |[39m }[33m;[39m
     [90m 271 |[39m
     [90m 272 |[39m [36mexport[39m [36mdefault[39m kairos[33m;[39m[0m

      at console.Object.<anonymous>.console.warn (tests/setup.ts:269:3)
      at RFC2822Parser.parse (src/plugins/parse/rfc2822.ts:110:17)
      at tests/unit/plugins/parse-rfc2822.test.ts:76:31
          at Array.forEach (<anonymous>)
      at Object.<anonymous> (tests/unit/plugins/parse-rfc2822.test.ts:75:22)

    console.warn
      RFC2822: Weekday mismatch. Expected Tue, got 5

    [0m [90m 267 |[39m     [36mreturn[39m[33m;[39m [90m// Suppress deprecation warnings in tests[39m
     [90m 268 |[39m   }
    [31m[1m>[22m[39m[90m 269 |[39m   originalWarn([33m...[39margs)[33m;[39m
     [90m     |[39m   [31m[1m^[22m[39m
     [90m 270 |[39m }[33m;[39m
     [90m 271 |[39m
     [90m 272 |[39m [36mexport[39m [36mdefault[39m kairos[33m;[39m[0m

      at console.Object.<anonymous>.console.warn (tests/setup.ts:269:3)
      at RFC2822Parser.parse (src/plugins/parse/rfc2822.ts:110:17)
      at tests/unit/plugins/parse-rfc2822.test.ts:101:31
          at Array.forEach (<anonymous>)
      at Object.<anonymous> (tests/unit/plugins/parse-rfc2822.test.ts:100:17)

    console.warn
      RFC2822: Weekday mismatch. Expected Tue, got 3

    [0m [90m 267 |[39m     [36mreturn[39m[33m;[39m [90m// Suppress deprecation warnings in tests[39m
     [90m 268 |[39m   }
    [31m[1m>[22m[39m[90m 269 |[39m   originalWarn([33m...[39margs)[33m;[39m
     [90m     |[39m   [31m[1m^[22m[39m
     [90m 270 |[39m }[33m;[39m
     [90m 271 |[39m
     [90m 272 |[39m [36mexport[39m [36mdefault[39m kairos[33m;[39m[0m

      at console.Object.<anonymous>.console.warn (tests/setup.ts:269:3)
      at RFC2822Parser.parse (src/plugins/parse/rfc2822.ts:110:17)
      at tests/unit/plugins/parse-rfc2822.test.ts:101:31
          at Array.forEach (<anonymous>)
      at Object.<anonymous> (tests/unit/plugins/parse-rfc2822.test.ts:100:17)

    console.warn
      RFC2822: Weekday mismatch. Expected Wed, got 2

    [0m [90m 267 |[39m     [36mreturn[39m[33m;[39m [90m// Suppress deprecation warnings in tests[39m
     [90m 268 |[39m   }
    [31m[1m>[22m[39m[90m 269 |[39m   originalWarn([33m...[39margs)[33m;[39m
     [90m     |[39m   [31m[1m^[22m[39m
     [90m 270 |[39m }[33m;[39m
     [90m 271 |[39m
     [90m 272 |[39m [36mexport[39m [36mdefault[39m kairos[33m;[39m[0m

      at console.Object.<anonymous>.console.warn (tests/setup.ts:269:3)
      at RFC2822Parser.parse (src/plugins/parse/rfc2822.ts:110:17)
      at Function.kairos.parseRFC2822 (src/plugins/parse/rfc2822.ts:162:29)
      at Object.<anonymous> (tests/unit/plugins/parse-rfc2822.test.ts:209:35)

FAIL tests/integration/cross-platform.test.ts (526.94 s)
  ● Console

    console.log
      Test Environment:

      at logTestEnvironment (tests/utils/platform.ts:220:11)

    console.log
        OS: windows

      at logTestEnvironment (tests/utils/platform.ts:221:11)

    console.log
        Node: v22.18.0

      at logTestEnvironment (tests/utils/platform.ts:222:11)

    console.log
        Timezone: Europe/Tallinn

      at logTestEnvironment (tests/utils/platform.ts:223:11)

    console.log
        Locale: en-US

      at logTestEnvironment (tests/utils/platform.ts:224:11)

    console.log
        Architecture: x64

      at logTestEnvironment (tests/utils/platform.ts:225:11)

    console.log
        Endianness: LE

      at logTestEnvironment (tests/utils/platform.ts:226:11)

    console.log
      System timezone: Europe/Tallinn

      at Object.<anonymous> (tests/integration/cross-platform.test.ts:72:15)

  ● Cross-Platform Compatibility › Date Creation Across Platforms › should create dates consistently

    RangeError: Maximum call stack size exceeded

    [0m [90m 177 |[39m     kairos[33m.[39mextend({
     [90m 178 |[39m       [90m// Get timezone info[39m
    [31m[1m>[22m[39m[90m 179 |[39m       timezone(tz[33m?[39m[33m:[39m string)[33m:[39m [33mTimezoneInfo[39m {
     [90m     |[39m               [31m[1m^[22m[39m
     [90m 180 |[39m         [36mreturn[39m [33mTimezoneManager[39m[33m.[39mgetTimezoneInfo([36mthis[39m[33m.[39mtoDate()[33m,[39m tz)[33m;[39m
     [90m 181 |[39m       }[33m,[39m
     [90m 182 |[39m[0m

      at KairosCore.timezone (src/plugins/timezone/timezone.ts:179:15)
      at KairosCore.format (src/plugins/timezone/timezone.ts:213:29)
      at KairosCore.format (src/plugins/timezone/timezone.ts:215:37)
      at KairosCore.format (src/plugins/timezone/timezone.ts:215:37)
      at KairosCore.format (src/plugins/timezone/timezone.ts:215:37)
      at KairosCore.format (src/plugins/timezone/timezone.ts:215:37)
      at KairosCore.format (src/plugins/timezone/timezone.ts:215:37)
      at KairosCore.format (src/plugins/timezone/timezone.ts:215:37)
      at KairosCore.format (src/plugins/timezone/timezone.ts:215:37)
      at KairosCore.format (src/plugins/timezone/timezone.ts:215:37)
      at KairosCore.format (src/plugins/timezone/timezone.ts:215:37)
      at KairosCore.format (src/plugins/timezone/timezone.ts:215:37)
      at KairosCore.format (src/plugins/timezone/timezone.ts:215:37)
      at KairosCore.format (src/plugins/timezone/timezone.ts:215:37)
      at KairosCore.format (src/plugins/timezone/timezone.ts:215:37)
      at KairosCore.format (src/plugins/timezone/timezone.ts:215:37)
      at KairosCore.format (src/plugins/timezone/timezone.ts:215:37)
      at KairosCore.format (src/plugins/timezone/timezone.ts:215:37)
      at KairosCore.format (src/plugins/timezone/timezone.ts:215:37)
      at KairosCore.format (src/plugins/timezone/timezone.ts:215:37)
      at KairosCore.format (src/plugins/timezone/timezone.ts:215:37)
      at KairosCore.format (src/plugins/timezone/timezone.ts:215:37)
      at KairosCore.format (src/plugins/timezone/timezone.ts:215:37)
      at KairosCore.format (src/plugins/timezone/timezone.ts:215:37)
      at KairosCore.format (src/plugins/timezone/timezone.ts:215:37)
      at KairosCore.format (src/plugins/timezone/timezone.ts:215:37)
      at KairosCore.format (src/plugins/timezone/timezone.ts:215:37)
      at KairosCore.format (src/plugins/timezone/timezone.ts:215:37)
      at KairosCore.format (src/plugins/timezone/timezone.ts:215:37)
      at KairosCore.format (src/plugins/timezone/timezone.ts:215:37)
      at KairosCore.format (src/plugins/timezone/timezone.ts:215:37)
      at KairosCore.format (src/plugins/timezone/timezone.ts:215:37)
      at KairosCore.format (src/plugins/timezone/timezone.ts:215:37)
      at KairosCore.format (src/plugins/timezone/timezone.ts:215:37)
      at KairosCore.format (src/plugins/timezone/timezone.ts:215:37)
      at KairosCore.format (src/plugins/timezone/timezone.ts:215:37)
      at KairosCore.format (src/plugins/timezone/timezone.ts:215:37)
      at KairosCore.format (src/plugins/timezone/timezone.ts:215:37)
      at KairosCore.format (src/plugins/timezone/timezone.ts:215:37)
      at KairosCore.format (src/plugins/timezone/timezone.ts:215:37)
      at KairosCore.format (src/plugins/timezone/timezone.ts:215:37)
      at KairosCore.format (src/plugins/timezone/timezone.ts:215:37)
      at KairosCore.format (src/plugins/timezone/timezone.ts:215:37)
      at KairosCore.format (src/plugins/timezone/timezone.ts:215:37)
      at KairosCore.format (src/plugins/timezone/timezone.ts:215:37)
      at KairosCore.format (src/plugins/timezone/timezone.ts:215:37)
      at KairosCore.format (src/plugins/timezone/timezone.ts:215:37)
      at KairosCore.format (src/plugins/timezone/timezone.ts:215:37)
      at KairosCore.format (src/plugins/timezone/timezone.ts:215:37)
      at KairosCore.format (src/plugins/timezone/timezone.ts:215:37)
      at KairosCore.format (src/plugins/timezone/timezone.ts:215:37)
      at KairosCore.format (src/plugins/timezone/timezone.ts:215:37)
      at KairosCore.format (src/plugins/timezone/timezone.ts:215:37)
      at KairosCore.format (src/plugins/timezone/timezone.ts:215:37)
      at KairosCore.format (src/plugins/timezone/timezone.ts:215:37)
      at KairosCore.format (src/plugins/timezone/timezone.ts:215:37)
      at KairosCore.format (src/plugins/timezone/timezone.ts:215:37)
      at KairosCore.format (src/plugins/timezone/timezone.ts:215:37)
      at KairosCore.format (src/plugins/timezone/timezone.ts:215:37)
      at KairosCore.format (src/plugins/timezone/timezone.ts:215:37)
      at KairosCore.format (src/plugins/timezone/timezone.ts:215:37)
      at KairosCore.format (src/plugins/timezone/timezone.ts:215:37)
      at KairosCore.format (src/plugins/timezone/timezone.ts:215:37)
      at KairosCore.format (src/plugins/timezone/timezone.ts:215:37)
      at KairosCore.format (src/plugins/timezone/timezone.ts:215:37)
      at KairosCore.format (src/plugins/timezone/timezone.ts:215:37)
      at KairosCore.format (src/plugins/timezone/timezone.ts:215:37)
      at KairosCore.format (src/plugins/timezone/timezone.ts:215:37)
      at KairosCore.format (src/plugins/timezone/timezone.ts:215:37)
      at KairosCore.format (src/plugins/timezone/timezone.ts:215:37)
      at KairosCore.format (src/plugins/timezone/timezone.ts:215:37)
      at KairosCore.format (src/plugins/timezone/timezone.ts:215:37)
      at KairosCore.format (src/plugins/timezone/timezone.ts:215:37)
      at KairosCore.format (src/plugins/timezone/timezone.ts:215:37)
      at KairosCore.format (src/plugins/timezone/timezone.ts:215:37)
      at KairosCore.format (src/plugins/timezone/timezone.ts:215:37)
      at KairosCore.format (src/plugins/timezone/timezone.ts:215:37)
      at KairosCore.format (src/plugins/timezone/timezone.ts:215:37)
      at KairosCore.format (src/plugins/timezone/timezone.ts:215:37)
      at KairosCore.format (src/plugins/timezone/timezone.ts:215:37)
      at KairosCore.format (src/plugins/timezone/timezone.ts:215:37)
      at KairosCore.format (src/plugins/timezone/timezone.ts:215:37)
      at KairosCore.format (src/plugins/timezone/timezone.ts:215:37)
      at KairosCore.format (src/plugins/timezone/timezone.ts:215:37)
      at KairosCore.format (src/plugins/timezone/timezone.ts:215:37)
      at KairosCore.format (src/plugins/timezone/timezone.ts:215:37)
      at KairosCore.format (src/plugins/timezone/timezone.ts:215:37)
      at KairosCore.format (src/plugins/timezone/timezone.ts:215:37)
      at KairosCore.format (src/plugins/timezone/timezone.ts:215:37)
      at KairosCore.format (src/plugins/timezone/timezone.ts:215:37)
      at KairosCore.format (src/plugins/timezone/timezone.ts:215:37)
      at KairosCore.format (src/plugins/timezone/timezone.ts:215:37)
      at KairosCore.format (src/plugins/timezone/timezone.ts:215:37)
      at KairosCore.format (src/plugins/timezone/timezone.ts:215:37)
      at KairosCore.format (src/plugins/timezone/timezone.ts:215:37)
      at KairosCore.format (src/plugins/timezone/timezone.ts:215:37)
      at KairosCore.format (src/plugins/timezone/timezone.ts:215:37)
      at KairosCore.format (src/plugins/timezone/timezone.ts:215:37)
      at KairosCore.format (src/plugins/timezone/timezone.ts:215:37)
      at KairosCore.format (src/plugins/timezone/timezone.ts:215:37)

  ● Cross-Platform Compatibility › Date Creation Across Platforms › should handle ISO strings consistently

    expect(received).toBe(expected) // Object.is equality

    Expected: 15
    Received: 5

    [0m [90m 54 |[39m       expect(date[33m.[39myear())[33m.[39mtoBe([35m2024[39m)[33m;[39m
     [90m 55 |[39m       expect(date[33m.[39mmonth())[33m.[39mtoBe([35m3[39m)[33m;[39m
    [31m[1m>[22m[39m[90m 56 |[39m       expect(date[33m.[39mday())[33m.[39mtoBe([35m15[39m)[33m;[39m
     [90m    |[39m                          [31m[1m^[22m[39m
     [90m 57 |[39m     })[33m;[39m
     [90m 58 |[39m
     [90m 59 |[39m     test([32m'should handle timestamps consistently'[39m[33m,[39m () [33m=>[39m {[0m

      at Object.<anonymous> (tests/integration/cross-platform.test.ts:56:26)

  ● Cross-Platform Compatibility › Timezone Handling › should handle UTC consistently

    RangeError: Maximum call stack size exceeded

    [0m [90m 177 |[39m     kairos[33m.[39mextend({
     [90m 178 |[39m       [90m// Get timezone info[39m
    [31m[1m>[22m[39m[90m 179 |[39m       timezone(tz[33m?[39m[33m:[39m string)[33m:[39m [33mTimezoneInfo[39m {
     [90m     |[39m               [31m[1m^[22m[39m
     [90m 180 |[39m         [36mreturn[39m [33mTimezoneManager[39m[33m.[39mgetTimezoneInfo([36mthis[39m[33m.[39mtoDate()[33m,[39m tz)[33m;[39m
     [90m 181 |[39m       }[33m,[39m
     [90m 182 |[39m[0m

      at KairosCore.timezone (src/plugins/timezone/timezone.ts:179:15)
      at KairosCore.format (src/plugins/timezone/timezone.ts:213:29)
      at KairosCore.format (src/plugins/timezone/timezone.ts:215:37)
      at KairosCore.format (src/plugins/timezone/timezone.ts:215:37)
      at KairosCore.format (src/plugins/timezone/timezone.ts:215:37)
      at KairosCore.format (src/plugins/timezone/timezone.ts:215:37)
      at KairosCore.format (src/plugins/timezone/timezone.ts:215:37)
      at KairosCore.format (src/plugins/timezone/timezone.ts:215:37)
      at KairosCore.format (src/plugins/timezone/timezone.ts:215:37)
      at KairosCore.format (src/plugins/timezone/timezone.ts:215:37)
      at KairosCore.format (src/plugins/timezone/timezone.ts:215:37)
      at KairosCore.format (src/plugins/timezone/timezone.ts:215:37)
      at KairosCore.format (src/plugins/timezone/timezone.ts:215:37)
      at KairosCore.format (src/plugins/timezone/timezone.ts:215:37)
      at KairosCore.format (src/plugins/timezone/timezone.ts:215:37)
      at KairosCore.format (src/plugins/timezone/timezone.ts:215:37)
      at KairosCore.format (src/plugins/timezone/timezone.ts:215:37)
      at KairosCore.format (src/plugins/timezone/timezone.ts:215:37)
      at KairosCore.format (src/plugins/timezone/timezone.ts:215:37)
      at KairosCore.format (src/plugins/timezone/timezone.ts:215:37)
      at KairosCore.format (src/plugins/timezone/timezone.ts:215:37)
      at KairosCore.format (src/plugins/timezone/timezone.ts:215:37)
      at KairosCore.format (src/plugins/timezone/timezone.ts:215:37)
      at KairosCore.format (src/plugins/timezone/timezone.ts:215:37)
      at KairosCore.format (src/plugins/timezone/timezone.ts:215:37)
      at KairosCore.format (src/plugins/timezone/timezone.ts:215:37)
      at KairosCore.format (src/plugins/timezone/timezone.ts:215:37)
      at KairosCore.format (src/plugins/timezone/timezone.ts:215:37)
      at KairosCore.format (src/plugins/timezone/timezone.ts:215:37)
      at KairosCore.format (src/plugins/timezone/timezone.ts:215:37)
      at KairosCore.format (src/plugins/timezone/timezone.ts:215:37)
      at KairosCore.format (src/plugins/timezone/timezone.ts:215:37)
      at KairosCore.format (src/plugins/timezone/timezone.ts:215:37)
      at KairosCore.format (src/plugins/timezone/timezone.ts:215:37)
      at KairosCore.format (src/plugins/timezone/timezone.ts:215:37)
      at KairosCore.format (src/plugins/timezone/timezone.ts:215:37)
      at KairosCore.format (src/plugins/timezone/timezone.ts:215:37)
      at KairosCore.format (src/plugins/timezone/timezone.ts:215:37)
      at KairosCore.format (src/plugins/timezone/timezone.ts:215:37)
      at KairosCore.format (src/plugins/timezone/timezone.ts:215:37)
      at KairosCore.format (src/plugins/timezone/timezone.ts:215:37)
      at KairosCore.format (src/plugins/timezone/timezone.ts:215:37)
      at KairosCore.format (src/plugins/timezone/timezone.ts:215:37)
      at KairosCore.format (src/plugins/timezone/timezone.ts:215:37)
      at KairosCore.format (src/plugins/timezone/timezone.ts:215:37)
      at KairosCore.format (src/plugins/timezone/timezone.ts:215:37)
      at KairosCore.format (src/plugins/timezone/timezone.ts:215:37)
      at KairosCore.format (src/plugins/timezone/timezone.ts:215:37)
      at KairosCore.format (src/plugins/timezone/timezone.ts:215:37)
      at KairosCore.format (src/plugins/timezone/timezone.ts:215:37)
      at KairosCore.format (src/plugins/timezone/timezone.ts:215:37)
      at KairosCore.format (src/plugins/timezone/timezone.ts:215:37)
      at KairosCore.format (src/plugins/timezone/timezone.ts:215:37)
      at KairosCore.format (src/plugins/timezone/timezone.ts:215:37)
      at KairosCore.format (src/plugins/timezone/timezone.ts:215:37)
      at KairosCore.format (src/plugins/timezone/timezone.ts:215:37)
      at KairosCore.format (src/plugins/timezone/timezone.ts:215:37)
      at KairosCore.format (src/plugins/timezone/timezone.ts:215:37)
      at KairosCore.format (src/plugins/timezone/timezone.ts:215:37)
      at KairosCore.format (src/plugins/timezone/timezone.ts:215:37)
      at KairosCore.format (src/plugins/timezone/timezone.ts:215:37)
      at KairosCore.format (src/plugins/timezone/timezone.ts:215:37)
      at KairosCore.format (src/plugins/timezone/timezone.ts:215:37)
      at KairosCore.format (src/plugins/timezone/timezone.ts:215:37)
      at KairosCore.format (src/plugins/timezone/timezone.ts:215:37)
      at KairosCore.format (src/plugins/timezone/timezone.ts:215:37)
      at KairosCore.format (src/plugins/timezone/timezone.ts:215:37)
      at KairosCore.format (src/plugins/timezone/timezone.ts:215:37)
      at KairosCore.format (src/plugins/timezone/timezone.ts:215:37)
      at KairosCore.format (src/plugins/timezone/timezone.ts:215:37)
      at KairosCore.format (src/plugins/timezone/timezone.ts:215:37)
      at KairosCore.format (src/plugins/timezone/timezone.ts:215:37)
      at KairosCore.format (src/plugins/timezone/timezone.ts:215:37)
      at KairosCore.format (src/plugins/timezone/timezone.ts:215:37)
      at KairosCore.format (src/plugins/timezone/timezone.ts:215:37)
      at KairosCore.format (src/plugins/timezone/timezone.ts:215:37)
      at KairosCore.format (src/plugins/timezone/timezone.ts:215:37)
      at KairosCore.format (src/plugins/timezone/timezone.ts:215:37)
      at KairosCore.format (src/plugins/timezone/timezone.ts:215:37)
      at KairosCore.format (src/plugins/timezone/timezone.ts:215:37)
      at KairosCore.format (src/plugins/timezone/timezone.ts:215:37)
      at KairosCore.format (src/plugins/timezone/timezone.ts:215:37)
      at KairosCore.format (src/plugins/timezone/timezone.ts:215:37)
      at KairosCore.format (src/plugins/timezone/timezone.ts:215:37)
      at KairosCore.format (src/plugins/timezone/timezone.ts:215:37)
      at KairosCore.format (src/plugins/timezone/timezone.ts:215:37)
      at KairosCore.format (src/plugins/timezone/timezone.ts:215:37)
      at KairosCore.format (src/plugins/timezone/timezone.ts:215:37)
      at KairosCore.format (src/plugins/timezone/timezone.ts:215:37)
      at KairosCore.format (src/plugins/timezone/timezone.ts:215:37)
      at KairosCore.format (src/plugins/timezone/timezone.ts:215:37)
      at KairosCore.format (src/plugins/timezone/timezone.ts:215:37)
      at KairosCore.format (src/plugins/timezone/timezone.ts:215:37)
      at KairosCore.format (src/plugins/timezone/timezone.ts:215:37)
      at KairosCore.format (src/plugins/timezone/timezone.ts:215:37)
      at KairosCore.format (src/plugins/timezone/timezone.ts:215:37)
      at KairosCore.format (src/plugins/timezone/timezone.ts:215:37)
      at KairosCore.format (src/plugins/timezone/timezone.ts:215:37)
      at KairosCore.format (src/plugins/timezone/timezone.ts:215:37)
      at KairosCore.format (src/plugins/timezone/timezone.ts:215:37)

  ● Cross-Platform Compatibility › Timezone Handling › should convert between UTC and local time

    TypeError: utcDate.local is not a function

    [0m [90m 83 |[39m     test([32m'should convert between UTC and local time'[39m[33m,[39m () [33m=>[39m {
     [90m 84 |[39m       [36mconst[39m utcDate [33m=[39m kairos[33m.[39mutc([32m'2024-03-15 12:00:00'[39m)[33m;[39m
    [31m[1m>[22m[39m[90m 85 |[39m       [36mconst[39m localDate [33m=[39m utcDate[33m.[39mlocal()[33m;[39m
     [90m    |[39m                                 [31m[1m^[22m[39m
     [90m 86 |[39m       
     [90m 87 |[39m       [90m// The dates represent the same moment in time[39m
     [90m 88 |[39m       expect(utcDate[33m.[39mvalueOf())[33m.[39mtoBe(localDate[33m.[39mvalueOf())[33m;[39m[0m

      at Object.<anonymous> (tests/integration/cross-platform.test.ts:85:33)

  ● Cross-Platform Compatibility › Date String Formats › should parse various date formats

    TypeError: date.isValid is not a function

    [0m [90m 197 |[39m       formats[33m.[39mforEach(format [33m=>[39m {
     [90m 198 |[39m         [36mconst[39m date [33m=[39m kairos(format)[33m;[39m
    [31m[1m>[22m[39m[90m 199 |[39m         expect(date[33m.[39misValid())[33m.[39mtoBe([36mtrue[39m)[33m;[39m
     [90m     |[39m                     [31m[1m^[22m[39m
     [90m 200 |[39m         expect(date[33m.[39myear())[33m.[39mtoBe([35m2024[39m)[33m;[39m
     [90m 201 |[39m         expect(date[33m.[39mmonth())[33m.[39mtoBe([35m3[39m)[33m;[39m
     [90m 202 |[39m         expect(date[33m.[39mday())[33m.[39mtoBe([35m15[39m)[33m;[39m[0m

      at tests/integration/cross-platform.test.ts:199:21
          at Array.forEach (<anonymous>)
      at Object.<anonymous> (tests/integration/cross-platform.test.ts:197:15)

  ● Cross-Platform Compatibility › Number Precision › should handle floating point precision

    expect(received).toBe(expected) // Object.is equality

    Expected: 22
    Received: 10

    [0m [90m 213 |[39m       [90m// Add fractional days[39m
     [90m 214 |[39m       [36mconst[39m added [33m=[39m date[33m.[39madd([35m0.5[39m[33m,[39m [32m'days'[39m)[33m;[39m
    [31m[1m>[22m[39m[90m 215 |[39m       expect(added[33m.[39mhour())[33m.[39mtoBe([35m22[39m)[33m;[39m [90m// 10 + 12 hours[39m
     [90m     |[39m                            [31m[1m^[22m[39m
     [90m 216 |[39m     })[33m;[39m
     [90m 217 |[39m     
     [90m 218 |[39m     test([32m'should handle large numbers'[39m[33m,[39m () [33m=>[39m {[0m

      at Object.<anonymous> (tests/integration/cross-platform.test.ts:215:28)

  ● Cross-Platform Compatibility › Number Precision › should handle large numbers

    TypeError: maxDate.isValid is not a function

    [0m [90m 223 |[39m       [36mconst[39m minDate [33m=[39m kairos(minTimestamp)[33m;[39m
     [90m 224 |[39m       
    [31m[1m>[22m[39m[90m 225 |[39m       expect(maxDate[33m.[39misValid())[33m.[39mtoBe([36mtrue[39m)[33m;[39m
     [90m     |[39m                      [31m[1m^[22m[39m
     [90m 226 |[39m       expect(minDate[33m.[39misValid())[33m.[39mtoBe([36mtrue[39m)[33m;[39m
     [90m 227 |[39m     })[33m;[39m
     [90m 228 |[39m   })[33m;[39m[0m

      at Object.<anonymous> (tests/integration/cross-platform.test.ts:225:22)

  ● Cross-Platform Compatibility › Error Handling › should handle invalid dates consistently

    TypeError: invalid1.isValid is not a function

    [0m [90m 234 |[39m       [36mconst[39m invalid3 [33m=[39m kairos([33mNaN[39m)[33m;[39m
     [90m 235 |[39m       
    [31m[1m>[22m[39m[90m 236 |[39m       expect(invalid1[33m.[39misValid())[33m.[39mtoBe([36mfalse[39m)[33m;[39m
     [90m     |[39m                       [31m[1m^[22m[39m
     [90m 237 |[39m       expect(invalid2[33m.[39misValid())[33m.[39mtoBe([36mfalse[39m)[33m;[39m
     [90m 238 |[39m       expect(invalid3[33m.[39misValid())[33m.[39mtoBe([36mfalse[39m)[33m;[39m
     [90m 239 |[39m       [0m

      at Object.<anonymous> (tests/integration/cross-platform.test.ts:236:23)

  ● Cross-Platform Compatibility › Performance Consistency › should have consistent performance across operations

    RangeError: Maximum call stack size exceeded

    [0m [90m 177 |[39m     kairos[33m.[39mextend({
     [90m 178 |[39m       [90m// Get timezone info[39m
    [31m[1m>[22m[39m[90m 179 |[39m       timezone(tz[33m?[39m[33m:[39m string)[33m:[39m [33mTimezoneInfo[39m {
     [90m     |[39m               [31m[1m^[22m[39m
     [90m 180 |[39m         [36mreturn[39m [33mTimezoneManager[39m[33m.[39mgetTimezoneInfo([36mthis[39m[33m.[39mtoDate()[33m,[39m tz)[33m;[39m
     [90m 181 |[39m       }[33m,[39m
     [90m 182 |[39m[0m

      at KairosCore.timezone (src/plugins/timezone/timezone.ts:179:15)
      at KairosCore.format (src/plugins/timezone/timezone.ts:213:29)
      at KairosCore.format (src/plugins/timezone/timezone.ts:215:37)
      at KairosCore.format (src/plugins/timezone/timezone.ts:215:37)
      at KairosCore.format (src/plugins/timezone/timezone.ts:215:37)
      at KairosCore.format (src/plugins/timezone/timezone.ts:215:37)
      at KairosCore.format (src/plugins/timezone/timezone.ts:215:37)
      at KairosCore.format (src/plugins/timezone/timezone.ts:215:37)
      at KairosCore.format (src/plugins/timezone/timezone.ts:215:37)
      at KairosCore.format (src/plugins/timezone/timezone.ts:215:37)
      at KairosCore.format (src/plugins/timezone/timezone.ts:215:37)
      at KairosCore.format (src/plugins/timezone/timezone.ts:215:37)
      at KairosCore.format (src/plugins/timezone/timezone.ts:215:37)
      at KairosCore.format (src/plugins/timezone/timezone.ts:215:37)
      at KairosCore.format (src/plugins/timezone/timezone.ts:215:37)
      at KairosCore.format (src/plugins/timezone/timezone.ts:215:37)
      at KairosCore.format (src/plugins/timezone/timezone.ts:215:37)
      at KairosCore.format (src/plugins/timezone/timezone.ts:215:37)
      at KairosCore.format (src/plugins/timezone/timezone.ts:215:37)
      at KairosCore.format (src/plugins/timezone/timezone.ts:215:37)
      at KairosCore.format (src/plugins/timezone/timezone.ts:215:37)
      at KairosCore.format (src/plugins/timezone/timezone.ts:215:37)
      at KairosCore.format (src/plugins/timezone/timezone.ts:215:37)
      at KairosCore.format (src/plugins/timezone/timezone.ts:215:37)
      at KairosCore.format (src/plugins/timezone/timezone.ts:215:37)
      at KairosCore.format (src/plugins/timezone/timezone.ts:215:37)
      at KairosCore.format (src/plugins/timezone/timezone.ts:215:37)
      at KairosCore.format (src/plugins/timezone/timezone.ts:215:37)
      at KairosCore.format (src/plugins/timezone/timezone.ts:215:37)
      at KairosCore.format (src/plugins/timezone/timezone.ts:215:37)
      at KairosCore.format (src/plugins/timezone/timezone.ts:215:37)
      at KairosCore.format (src/plugins/timezone/timezone.ts:215:37)
      at KairosCore.format (src/plugins/timezone/timezone.ts:215:37)
      at KairosCore.format (src/plugins/timezone/timezone.ts:215:37)
      at KairosCore.format (src/plugins/timezone/timezone.ts:215:37)
      at KairosCore.format (src/plugins/timezone/timezone.ts:215:37)
      at KairosCore.format (src/plugins/timezone/timezone.ts:215:37)
      at KairosCore.format (src/plugins/timezone/timezone.ts:215:37)
      at KairosCore.format (src/plugins/timezone/timezone.ts:215:37)
      at KairosCore.format (src/plugins/timezone/timezone.ts:215:37)
      at KairosCore.format (src/plugins/timezone/timezone.ts:215:37)
      at KairosCore.format (src/plugins/timezone/timezone.ts:215:37)
      at KairosCore.format (src/plugins/timezone/timezone.ts:215:37)
      at KairosCore.format (src/plugins/timezone/timezone.ts:215:37)
      at KairosCore.format (src/plugins/timezone/timezone.ts:215:37)
      at KairosCore.format (src/plugins/timezone/timezone.ts:215:37)
      at KairosCore.format (src/plugins/timezone/timezone.ts:215:37)
      at KairosCore.format (src/plugins/timezone/timezone.ts:215:37)
      at KairosCore.format (src/plugins/timezone/timezone.ts:215:37)
      at KairosCore.format (src/plugins/timezone/timezone.ts:215:37)
      at KairosCore.format (src/plugins/timezone/timezone.ts:215:37)
      at KairosCore.format (src/plugins/timezone/timezone.ts:215:37)
      at KairosCore.format (src/plugins/timezone/timezone.ts:215:37)
      at KairosCore.format (src/plugins/timezone/timezone.ts:215:37)
      at KairosCore.format (src/plugins/timezone/timezone.ts:215:37)
      at KairosCore.format (src/plugins/timezone/timezone.ts:215:37)
      at KairosCore.format (src/plugins/timezone/timezone.ts:215:37)
      at KairosCore.format (src/plugins/timezone/timezone.ts:215:37)
      at KairosCore.format (src/plugins/timezone/timezone.ts:215:37)
      at KairosCore.format (src/plugins/timezone/timezone.ts:215:37)
      at KairosCore.format (src/plugins/timezone/timezone.ts:215:37)
      at KairosCore.format (src/plugins/timezone/timezone.ts:215:37)
      at KairosCore.format (src/plugins/timezone/timezone.ts:215:37)
      at KairosCore.format (src/plugins/timezone/timezone.ts:215:37)
      at KairosCore.format (src/plugins/timezone/timezone.ts:215:37)
      at KairosCore.format (src/plugins/timezone/timezone.ts:215:37)
      at KairosCore.format (src/plugins/timezone/timezone.ts:215:37)
      at KairosCore.format (src/plugins/timezone/timezone.ts:215:37)
      at KairosCore.format (src/plugins/timezone/timezone.ts:215:37)
      at KairosCore.format (src/plugins/timezone/timezone.ts:215:37)
      at KairosCore.format (src/plugins/timezone/timezone.ts:215:37)
      at KairosCore.format (src/plugins/timezone/timezone.ts:215:37)
      at KairosCore.format (src/plugins/timezone/timezone.ts:215:37)
      at KairosCore.format (src/plugins/timezone/timezone.ts:215:37)
      at KairosCore.format (src/plugins/timezone/timezone.ts:215:37)
      at KairosCore.format (src/plugins/timezone/timezone.ts:215:37)
      at KairosCore.format (src/plugins/timezone/timezone.ts:215:37)
      at KairosCore.format (src/plugins/timezone/timezone.ts:215:37)
      at KairosCore.format (src/plugins/timezone/timezone.ts:215:37)
      at KairosCore.format (src/plugins/timezone/timezone.ts:215:37)
      at KairosCore.format (src/plugins/timezone/timezone.ts:215:37)
      at KairosCore.format (src/plugins/timezone/timezone.ts:215:37)
      at KairosCore.format (src/plugins/timezone/timezone.ts:215:37)
      at KairosCore.format (src/plugins/timezone/timezone.ts:215:37)
      at KairosCore.format (src/plugins/timezone/timezone.ts:215:37)
      at KairosCore.format (src/plugins/timezone/timezone.ts:215:37)
      at KairosCore.format (src/plugins/timezone/timezone.ts:215:37)
      at KairosCore.format (src/plugins/timezone/timezone.ts:215:37)
      at KairosCore.format (src/plugins/timezone/timezone.ts:215:37)
      at KairosCore.format (src/plugins/timezone/timezone.ts:215:37)
      at KairosCore.format (src/plugins/timezone/timezone.ts:215:37)
      at KairosCore.format (src/plugins/timezone/timezone.ts:215:37)
      at KairosCore.format (src/plugins/timezone/timezone.ts:215:37)
      at KairosCore.format (src/plugins/timezone/timezone.ts:215:37)
      at KairosCore.format (src/plugins/timezone/timezone.ts:215:37)
      at KairosCore.format (src/plugins/timezone/timezone.ts:215:37)
      at KairosCore.format (src/plugins/timezone/timezone.ts:215:37)
      at KairosCore.format (src/plugins/timezone/timezone.ts:215:37)
      at KairosCore.format (src/plugins/timezone/timezone.ts:215:37)
      at KairosCore.format (src/plugins/timezone/timezone.ts:215:37)

  ● Cross-Platform Compatibility › Platform-Specific Features › should handle Windows-specific date formats

    RangeError: Maximum call stack size exceeded

    [0m [90m 177 |[39m     kairos[33m.[39mextend({
     [90m 178 |[39m       [90m// Get timezone info[39m
    [31m[1m>[22m[39m[90m 179 |[39m       timezone(tz[33m?[39m[33m:[39m string)[33m:[39m [33mTimezoneInfo[39m {
     [90m     |[39m               [31m[1m^[22m[39m
     [90m 180 |[39m         [36mreturn[39m [33mTimezoneManager[39m[33m.[39mgetTimezoneInfo([36mthis[39m[33m.[39mtoDate()[33m,[39m tz)[33m;[39m
     [90m 181 |[39m       }[33m,[39m
     [90m 182 |[39m[0m

      at KairosCore.timezone (src/plugins/timezone/timezone.ts:179:15)
      at KairosCore.format (src/plugins/timezone/timezone.ts:213:29)
      at KairosCore.format (src/plugins/timezone/timezone.ts:215:37)
      at KairosCore.format (src/plugins/timezone/timezone.ts:215:37)
      at KairosCore.format (src/plugins/timezone/timezone.ts:215:37)
      at KairosCore.format (src/plugins/timezone/timezone.ts:215:37)
      at KairosCore.format (src/plugins/timezone/timezone.ts:215:37)
      at KairosCore.format (src/plugins/timezone/timezone.ts:215:37)
      at KairosCore.format (src/plugins/timezone/timezone.ts:215:37)
      at KairosCore.format (src/plugins/timezone/timezone.ts:215:37)
      at KairosCore.format (src/plugins/timezone/timezone.ts:215:37)
      at KairosCore.format (src/plugins/timezone/timezone.ts:215:37)
      at KairosCore.format (src/plugins/timezone/timezone.ts:215:37)
      at KairosCore.format (src/plugins/timezone/timezone.ts:215:37)
      at KairosCore.format (src/plugins/timezone/timezone.ts:215:37)
      at KairosCore.format (src/plugins/timezone/timezone.ts:215:37)
      at KairosCore.format (src/plugins/timezone/timezone.ts:215:37)
      at KairosCore.format (src/plugins/timezone/timezone.ts:215:37)
      at KairosCore.format (src/plugins/timezone/timezone.ts:215:37)
      at KairosCore.format (src/plugins/timezone/timezone.ts:215:37)
      at KairosCore.format (src/plugins/timezone/timezone.ts:215:37)
      at KairosCore.format (src/plugins/timezone/timezone.ts:215:37)
      at KairosCore.format (src/plugins/timezone/timezone.ts:215:37)
      at KairosCore.format (src/plugins/timezone/timezone.ts:215:37)
      at KairosCore.format (src/plugins/timezone/timezone.ts:215:37)
      at KairosCore.format (src/plugins/timezone/timezone.ts:215:37)
      at KairosCore.format (src/plugins/timezone/timezone.ts:215:37)
      at KairosCore.format (src/plugins/timezone/timezone.ts:215:37)
      at KairosCore.format (src/plugins/timezone/timezone.ts:215:37)
      at KairosCore.format (src/plugins/timezone/timezone.ts:215:37)
      at KairosCore.format (src/plugins/timezone/timezone.ts:215:37)
      at KairosCore.format (src/plugins/timezone/timezone.ts:215:37)
      at KairosCore.format (src/plugins/timezone/timezone.ts:215:37)
      at KairosCore.format (src/plugins/timezone/timezone.ts:215:37)
      at KairosCore.format (src/plugins/timezone/timezone.ts:215:37)
      at KairosCore.format (src/plugins/timezone/timezone.ts:215:37)
      at KairosCore.format (src/plugins/timezone/timezone.ts:215:37)
      at KairosCore.format (src/plugins/timezone/timezone.ts:215:37)
      at KairosCore.format (src/plugins/timezone/timezone.ts:215:37)
      at KairosCore.format (src/plugins/timezone/timezone.ts:215:37)
      at KairosCore.format (src/plugins/timezone/timezone.ts:215:37)
      at KairosCore.format (src/plugins/timezone/timezone.ts:215:37)
      at KairosCore.format (src/plugins/timezone/timezone.ts:215:37)
      at KairosCore.format (src/plugins/timezone/timezone.ts:215:37)
      at KairosCore.format (src/plugins/timezone/timezone.ts:215:37)
      at KairosCore.format (src/plugins/timezone/timezone.ts:215:37)
      at KairosCore.format (src/plugins/timezone/timezone.ts:215:37)
      at KairosCore.format (src/plugins/timezone/timezone.ts:215:37)
      at KairosCore.format (src/plugins/timezone/timezone.ts:215:37)
      at KairosCore.format (src/plugins/timezone/timezone.ts:215:37)
      at KairosCore.format (src/plugins/timezone/timezone.ts:215:37)
      at KairosCore.format (src/plugins/timezone/timezone.ts:215:37)
      at KairosCore.format (src/plugins/timezone/timezone.ts:215:37)
      at KairosCore.format (src/plugins/timezone/timezone.ts:215:37)
      at KairosCore.format (src/plugins/timezone/timezone.ts:215:37)
      at KairosCore.format (src/plugins/timezone/timezone.ts:215:37)
      at KairosCore.format (src/plugins/timezone/timezone.ts:215:37)
      at KairosCore.format (src/plugins/timezone/timezone.ts:215:37)
      at KairosCore.format (src/plugins/timezone/timezone.ts:215:37)
      at KairosCore.format (src/plugins/timezone/timezone.ts:215:37)
      at KairosCore.format (src/plugins/timezone/timezone.ts:215:37)
      at KairosCore.format (src/plugins/timezone/timezone.ts:215:37)
      at KairosCore.format (src/plugins/timezone/timezone.ts:215:37)
      at KairosCore.format (src/plugins/timezone/timezone.ts:215:37)
      at KairosCore.format (src/plugins/timezone/timezone.ts:215:37)
      at KairosCore.format (src/plugins/timezone/timezone.ts:215:37)
      at KairosCore.format (src/plugins/timezone/timezone.ts:215:37)
      at KairosCore.format (src/plugins/timezone/timezone.ts:215:37)
      at KairosCore.format (src/plugins/timezone/timezone.ts:215:37)
      at KairosCore.format (src/plugins/timezone/timezone.ts:215:37)
      at KairosCore.format (src/plugins/timezone/timezone.ts:215:37)
      at KairosCore.format (src/plugins/timezone/timezone.ts:215:37)
      at KairosCore.format (src/plugins/timezone/timezone.ts:215:37)
      at KairosCore.format (src/plugins/timezone/timezone.ts:215:37)
      at KairosCore.format (src/plugins/timezone/timezone.ts:215:37)
      at KairosCore.format (src/plugins/timezone/timezone.ts:215:37)
      at KairosCore.format (src/plugins/timezone/timezone.ts:215:37)
      at KairosCore.format (src/plugins/timezone/timezone.ts:215:37)
      at KairosCore.format (src/plugins/timezone/timezone.ts:215:37)
      at KairosCore.format (src/plugins/timezone/timezone.ts:215:37)
      at KairosCore.format (src/plugins/timezone/timezone.ts:215:37)
      at KairosCore.format (src/plugins/timezone/timezone.ts:215:37)
      at KairosCore.format (src/plugins/timezone/timezone.ts:215:37)
      at KairosCore.format (src/plugins/timezone/timezone.ts:215:37)
      at KairosCore.format (src/plugins/timezone/timezone.ts:215:37)
      at KairosCore.format (src/plugins/timezone/timezone.ts:215:37)
      at KairosCore.format (src/plugins/timezone/timezone.ts:215:37)
      at KairosCore.format (src/plugins/timezone/timezone.ts:215:37)
      at KairosCore.format (src/plugins/timezone/timezone.ts:215:37)
      at KairosCore.format (src/plugins/timezone/timezone.ts:215:37)
      at KairosCore.format (src/plugins/timezone/timezone.ts:215:37)
      at KairosCore.format (src/plugins/timezone/timezone.ts:215:37)
      at KairosCore.format (src/plugins/timezone/timezone.ts:215:37)
      at KairosCore.format (src/plugins/timezone/timezone.ts:215:37)
      at KairosCore.format (src/plugins/timezone/timezone.ts:215:37)
      at KairosCore.format (src/plugins/timezone/timezone.ts:215:37)
      at KairosCore.format (src/plugins/timezone/timezone.ts:215:37)
      at KairosCore.format (src/plugins/timezone/timezone.ts:215:37)
      at KairosCore.format (src/plugins/timezone/timezone.ts:215:37)
      at KairosCore.format (src/plugins/timezone/timezone.ts:215:37)

  ● Cross-Platform Compatibility › Concurrent Operations › should handle concurrent date operations

    RangeError: Maximum call stack size exceeded

    [0m [90m 177 |[39m     kairos[33m.[39mextend({
     [90m 178 |[39m       [90m// Get timezone info[39m
    [31m[1m>[22m[39m[90m 179 |[39m       timezone(tz[33m?[39m[33m:[39m string)[33m:[39m [33mTimezoneInfo[39m {
     [90m     |[39m               [31m[1m^[22m[39m
     [90m 180 |[39m         [36mreturn[39m [33mTimezoneManager[39m[33m.[39mgetTimezoneInfo([36mthis[39m[33m.[39mtoDate()[33m,[39m tz)[33m;[39m
     [90m 181 |[39m       }[33m,[39m
     [90m 182 |[39m[0m

      at KairosCore.timezone (src/plugins/timezone/timezone.ts:179:15)
      at KairosCore.format (src/plugins/timezone/timezone.ts:213:29)
      at KairosCore.format (src/plugins/timezone/timezone.ts:215:37)
      at KairosCore.format (src/plugins/timezone/timezone.ts:215:37)
      at KairosCore.format (src/plugins/timezone/timezone.ts:215:37)
      at KairosCore.format (src/plugins/timezone/timezone.ts:215:37)
      at KairosCore.format (src/plugins/timezone/timezone.ts:215:37)
      at KairosCore.format (src/plugins/timezone/timezone.ts:215:37)
      at KairosCore.format (src/plugins/timezone/timezone.ts:215:37)
      at KairosCore.format (src/plugins/timezone/timezone.ts:215:37)
      at KairosCore.format (src/plugins/timezone/timezone.ts:215:37)
      at KairosCore.format (src/plugins/timezone/timezone.ts:215:37)
      at KairosCore.format (src/plugins/timezone/timezone.ts:215:37)
      at KairosCore.format (src/plugins/timezone/timezone.ts:215:37)
      at KairosCore.format (src/plugins/timezone/timezone.ts:215:37)
      at KairosCore.format (src/plugins/timezone/timezone.ts:215:37)
      at KairosCore.format (src/plugins/timezone/timezone.ts:215:37)
      at KairosCore.format (src/plugins/timezone/timezone.ts:215:37)
      at KairosCore.format (src/plugins/timezone/timezone.ts:215:37)
      at KairosCore.format (src/plugins/timezone/timezone.ts:215:37)
      at KairosCore.format (src/plugins/timezone/timezone.ts:215:37)
      at KairosCore.format (src/plugins/timezone/timezone.ts:215:37)
      at KairosCore.format (src/plugins/timezone/timezone.ts:215:37)
      at KairosCore.format (src/plugins/timezone/timezone.ts:215:37)
      at KairosCore.format (src/plugins/timezone/timezone.ts:215:37)
      at KairosCore.format (src/plugins/timezone/timezone.ts:215:37)
      at KairosCore.format (src/plugins/timezone/timezone.ts:215:37)
      at KairosCore.format (src/plugins/timezone/timezone.ts:215:37)
      at KairosCore.format (src/plugins/timezone/timezone.ts:215:37)
      at KairosCore.format (src/plugins/timezone/timezone.ts:215:37)
      at KairosCore.format (src/plugins/timezone/timezone.ts:215:37)
      at KairosCore.format (src/plugins/timezone/timezone.ts:215:37)
      at KairosCore.format (src/plugins/timezone/timezone.ts:215:37)
      at KairosCore.format (src/plugins/timezone/timezone.ts:215:37)
      at KairosCore.format (src/plugins/timezone/timezone.ts:215:37)
      at KairosCore.format (src/plugins/timezone/timezone.ts:215:37)
      at KairosCore.format (src/plugins/timezone/timezone.ts:215:37)
      at KairosCore.format (src/plugins/timezone/timezone.ts:215:37)
      at KairosCore.format (src/plugins/timezone/timezone.ts:215:37)
      at KairosCore.format (src/plugins/timezone/timezone.ts:215:37)
      at KairosCore.format (src/plugins/timezone/timezone.ts:215:37)
      at KairosCore.format (src/plugins/timezone/timezone.ts:215:37)
      at KairosCore.format (src/plugins/timezone/timezone.ts:215:37)
      at KairosCore.format (src/plugins/timezone/timezone.ts:215:37)
      at KairosCore.format (src/plugins/timezone/timezone.ts:215:37)
      at KairosCore.format (src/plugins/timezone/timezone.ts:215:37)
      at KairosCore.format (src/plugins/timezone/timezone.ts:215:37)
      at KairosCore.format (src/plugins/timezone/timezone.ts:215:37)
      at KairosCore.format (src/plugins/timezone/timezone.ts:215:37)
      at KairosCore.format (src/plugins/timezone/timezone.ts:215:37)
      at KairosCore.format (src/plugins/timezone/timezone.ts:215:37)
      at KairosCore.format (src/plugins/timezone/timezone.ts:215:37)
      at KairosCore.format (src/plugins/timezone/timezone.ts:215:37)
      at KairosCore.format (src/plugins/timezone/timezone.ts:215:37)
      at KairosCore.format (src/plugins/timezone/timezone.ts:215:37)
      at KairosCore.format (src/plugins/timezone/timezone.ts:215:37)
      at KairosCore.format (src/plugins/timezone/timezone.ts:215:37)
      at KairosCore.format (src/plugins/timezone/timezone.ts:215:37)
      at KairosCore.format (src/plugins/timezone/timezone.ts:215:37)
      at KairosCore.format (src/plugins/timezone/timezone.ts:215:37)
      at KairosCore.format (src/plugins/timezone/timezone.ts:215:37)
      at KairosCore.format (src/plugins/timezone/timezone.ts:215:37)
      at KairosCore.format (src/plugins/timezone/timezone.ts:215:37)
      at KairosCore.format (src/plugins/timezone/timezone.ts:215:37)
      at KairosCore.format (src/plugins/timezone/timezone.ts:215:37)
      at KairosCore.format (src/plugins/timezone/timezone.ts:215:37)
      at KairosCore.format (src/plugins/timezone/timezone.ts:215:37)
      at KairosCore.format (src/plugins/timezone/timezone.ts:215:37)
      at KairosCore.format (src/plugins/timezone/timezone.ts:215:37)
      at KairosCore.format (src/plugins/timezone/timezone.ts:215:37)
      at KairosCore.format (src/plugins/timezone/timezone.ts:215:37)
      at KairosCore.format (src/plugins/timezone/timezone.ts:215:37)
      at KairosCore.format (src/plugins/timezone/timezone.ts:215:37)
      at KairosCore.format (src/plugins/timezone/timezone.ts:215:37)
      at KairosCore.format (src/plugins/timezone/timezone.ts:215:37)
      at KairosCore.format (src/plugins/timezone/timezone.ts:215:37)
      at KairosCore.format (src/plugins/timezone/timezone.ts:215:37)
      at KairosCore.format (src/plugins/timezone/timezone.ts:215:37)
      at KairosCore.format (src/plugins/timezone/timezone.ts:215:37)
      at KairosCore.format (src/plugins/timezone/timezone.ts:215:37)
      at KairosCore.format (src/plugins/timezone/timezone.ts:215:37)
      at KairosCore.format (src/plugins/timezone/timezone.ts:215:37)
      at KairosCore.format (src/plugins/timezone/timezone.ts:215:37)
      at KairosCore.format (src/plugins/timezone/timezone.ts:215:37)
      at KairosCore.format (src/plugins/timezone/timezone.ts:215:37)
      at KairosCore.format (src/plugins/timezone/timezone.ts:215:37)
      at KairosCore.format (src/plugins/timezone/timezone.ts:215:37)
      at KairosCore.format (src/plugins/timezone/timezone.ts:215:37)
      at KairosCore.format (src/plugins/timezone/timezone.ts:215:37)
      at KairosCore.format (src/plugins/timezone/timezone.ts:215:37)
      at KairosCore.format (src/plugins/timezone/timezone.ts:215:37)
      at KairosCore.format (src/plugins/timezone/timezone.ts:215:37)
      at KairosCore.format (src/plugins/timezone/timezone.ts:215:37)
      at KairosCore.format (src/plugins/timezone/timezone.ts:215:37)
      at KairosCore.format (src/plugins/timezone/timezone.ts:215:37)
      at KairosCore.format (src/plugins/timezone/timezone.ts:215:37)
      at KairosCore.format (src/plugins/timezone/timezone.ts:215:37)
      at KairosCore.format (src/plugins/timezone/timezone.ts:215:37)
      at KairosCore.format (src/plugins/timezone/timezone.ts:215:37)
      at KairosCore.format (src/plugins/timezone/timezone.ts:215:37)

  ● Cross-Platform Compatibility › Edge Cases › should handle year boundaries

    RangeError: Maximum call stack size exceeded

    [0m [90m 177 |[39m     kairos[33m.[39mextend({
     [90m 178 |[39m       [90m// Get timezone info[39m
    [31m[1m>[22m[39m[90m 179 |[39m       timezone(tz[33m?[39m[33m:[39m string)[33m:[39m [33mTimezoneInfo[39m {
     [90m     |[39m               [31m[1m^[22m[39m
     [90m 180 |[39m         [36mreturn[39m [33mTimezoneManager[39m[33m.[39mgetTimezoneInfo([36mthis[39m[33m.[39mtoDate()[33m,[39m tz)[33m;[39m
     [90m 181 |[39m       }[33m,[39m
     [90m 182 |[39m[0m

      at KairosCore.timezone (src/plugins/timezone/timezone.ts:179:15)
      at KairosCore.format (src/plugins/timezone/timezone.ts:213:29)
      at KairosCore.format (src/plugins/timezone/timezone.ts:215:37)
      at KairosCore.format (src/plugins/timezone/timezone.ts:215:37)
      at KairosCore.format (src/plugins/timezone/timezone.ts:215:37)
      at KairosCore.format (src/plugins/timezone/timezone.ts:215:37)
      at KairosCore.format (src/plugins/timezone/timezone.ts:215:37)
      at KairosCore.format (src/plugins/timezone/timezone.ts:215:37)
      at KairosCore.format (src/plugins/timezone/timezone.ts:215:37)
      at KairosCore.format (src/plugins/timezone/timezone.ts:215:37)
      at KairosCore.format (src/plugins/timezone/timezone.ts:215:37)
      at KairosCore.format (src/plugins/timezone/timezone.ts:215:37)
      at KairosCore.format (src/plugins/timezone/timezone.ts:215:37)
      at KairosCore.format (src/plugins/timezone/timezone.ts:215:37)
      at KairosCore.format (src/plugins/timezone/timezone.ts:215:37)
      at KairosCore.format (src/plugins/timezone/timezone.ts:215:37)
      at KairosCore.format (src/plugins/timezone/timezone.ts:215:37)
      at KairosCore.format (src/plugins/timezone/timezone.ts:215:37)
      at KairosCore.format (src/plugins/timezone/timezone.ts:215:37)
      at KairosCore.format (src/plugins/timezone/timezone.ts:215:37)
      at KairosCore.format (src/plugins/timezone/timezone.ts:215:37)
      at KairosCore.format (src/plugins/timezone/timezone.ts:215:37)
      at KairosCore.format (src/plugins/timezone/timezone.ts:215:37)
      at KairosCore.format (src/plugins/timezone/timezone.ts:215:37)
      at KairosCore.format (src/plugins/timezone/timezone.ts:215:37)
      at KairosCore.format (src/plugins/timezone/timezone.ts:215:37)
      at KairosCore.format (src/plugins/timezone/timezone.ts:215:37)
      at KairosCore.format (src/plugins/timezone/timezone.ts:215:37)
      at KairosCore.format (src/plugins/timezone/timezone.ts:215:37)
      at KairosCore.format (src/plugins/timezone/timezone.ts:215:37)
      at KairosCore.format (src/plugins/timezone/timezone.ts:215:37)
      at KairosCore.format (src/plugins/timezone/timezone.ts:215:37)
      at KairosCore.format (src/plugins/timezone/timezone.ts:215:37)
      at KairosCore.format (src/plugins/timezone/timezone.ts:215:37)
      at KairosCore.format (src/plugins/timezone/timezone.ts:215:37)
      at KairosCore.format (src/plugins/timezone/timezone.ts:215:37)
      at KairosCore.format (src/plugins/timezone/timezone.ts:215:37)
      at KairosCore.format (src/plugins/timezone/timezone.ts:215:37)
      at KairosCore.format (src/plugins/timezone/timezone.ts:215:37)
      at KairosCore.format (src/plugins/timezone/timezone.ts:215:37)
      at KairosCore.format (src/plugins/timezone/timezone.ts:215:37)
      at KairosCore.format (src/plugins/timezone/timezone.ts:215:37)
      at KairosCore.format (src/plugins/timezone/timezone.ts:215:37)
      at KairosCore.format (src/plugins/timezone/timezone.ts:215:37)
      at KairosCore.format (src/plugins/timezone/timezone.ts:215:37)
      at KairosCore.format (src/plugins/timezone/timezone.ts:215:37)
      at KairosCore.format (src/plugins/timezone/timezone.ts:215:37)
      at KairosCore.format (src/plugins/timezone/timezone.ts:215:37)
      at KairosCore.format (src/plugins/timezone/timezone.ts:215:37)
      at KairosCore.format (src/plugins/timezone/timezone.ts:215:37)
      at KairosCore.format (src/plugins/timezone/timezone.ts:215:37)
      at KairosCore.format (src/plugins/timezone/timezone.ts:215:37)
      at KairosCore.format (src/plugins/timezone/timezone.ts:215:37)
      at KairosCore.format (src/plugins/timezone/timezone.ts:215:37)
      at KairosCore.format (src/plugins/timezone/timezone.ts:215:37)
      at KairosCore.format (src/plugins/timezone/timezone.ts:215:37)
      at KairosCore.format (src/plugins/timezone/timezone.ts:215:37)
      at KairosCore.format (src/plugins/timezone/timezone.ts:215:37)
      at KairosCore.format (src/plugins/timezone/timezone.ts:215:37)
      at KairosCore.format (src/plugins/timezone/timezone.ts:215:37)
      at KairosCore.format (src/plugins/timezone/timezone.ts:215:37)
      at KairosCore.format (src/plugins/timezone/timezone.ts:215:37)
      at KairosCore.format (src/plugins/timezone/timezone.ts:215:37)
      at KairosCore.format (src/plugins/timezone/timezone.ts:215:37)
      at KairosCore.format (src/plugins/timezone/timezone.ts:215:37)
      at KairosCore.format (src/plugins/timezone/timezone.ts:215:37)
      at KairosCore.format (src/plugins/timezone/timezone.ts:215:37)
      at KairosCore.format (src/plugins/timezone/timezone.ts:215:37)
      at KairosCore.format (src/plugins/timezone/timezone.ts:215:37)
      at KairosCore.format (src/plugins/timezone/timezone.ts:215:37)
      at KairosCore.format (src/plugins/timezone/timezone.ts:215:37)
      at KairosCore.format (src/plugins/timezone/timezone.ts:215:37)
      at KairosCore.format (src/plugins/timezone/timezone.ts:215:37)
      at KairosCore.format (src/plugins/timezone/timezone.ts:215:37)
      at KairosCore.format (src/plugins/timezone/timezone.ts:215:37)
      at KairosCore.format (src/plugins/timezone/timezone.ts:215:37)
      at KairosCore.format (src/plugins/timezone/timezone.ts:215:37)
      at KairosCore.format (src/plugins/timezone/timezone.ts:215:37)
      at KairosCore.format (src/plugins/timezone/timezone.ts:215:37)
      at KairosCore.format (src/plugins/timezone/timezone.ts:215:37)
      at KairosCore.format (src/plugins/timezone/timezone.ts:215:37)
      at KairosCore.format (src/plugins/timezone/timezone.ts:215:37)
      at KairosCore.format (src/plugins/timezone/timezone.ts:215:37)
      at KairosCore.format (src/plugins/timezone/timezone.ts:215:37)
      at KairosCore.format (src/plugins/timezone/timezone.ts:215:37)
      at KairosCore.format (src/plugins/timezone/timezone.ts:215:37)
      at KairosCore.format (src/plugins/timezone/timezone.ts:215:37)
      at KairosCore.format (src/plugins/timezone/timezone.ts:215:37)
      at KairosCore.format (src/plugins/timezone/timezone.ts:215:37)
      at KairosCore.format (src/plugins/timezone/timezone.ts:215:37)
      at KairosCore.format (src/plugins/timezone/timezone.ts:215:37)
      at KairosCore.format (src/plugins/timezone/timezone.ts:215:37)
      at KairosCore.format (src/plugins/timezone/timezone.ts:215:37)
      at KairosCore.format (src/plugins/timezone/timezone.ts:215:37)
      at KairosCore.format (src/plugins/timezone/timezone.ts:215:37)
      at KairosCore.format (src/plugins/timezone/timezone.ts:215:37)
      at KairosCore.format (src/plugins/timezone/timezone.ts:215:37)
      at KairosCore.format (src/plugins/timezone/timezone.ts:215:37)
      at KairosCore.format (src/plugins/timezone/timezone.ts:215:37)
      at KairosCore.format (src/plugins/timezone/timezone.ts:215:37)

  ● Cross-Platform Compatibility › Edge Cases › should handle leap years

    TypeError: leapDay2024.isValid is not a function

    [0m [90m 384 |[39m       [36mconst[39m notLeap2023 [33m=[39m kairos([32m'2023-02-29'[39m)[33m;[39m
     [90m 385 |[39m       
    [31m[1m>[22m[39m[90m 386 |[39m       expect(leapDay2024[33m.[39misValid())[33m.[39mtoBe([36mtrue[39m)[33m;[39m
     [90m     |[39m                          [31m[1m^[22m[39m
     [90m 387 |[39m       expect(leapDay2020[33m.[39misValid())[33m.[39mtoBe([36mtrue[39m)[33m;[39m
     [90m 388 |[39m       expect(notLeap2023[33m.[39misValid())[33m.[39mtoBe([36mfalse[39m)[33m;[39m
     [90m 389 |[39m     })[33m;[39m[0m

      at Object.<anonymous> (tests/integration/cross-platform.test.ts:386:26)

  ● Cross-Platform Compatibility › Edge Cases › should handle century boundaries

    TypeError: year2000.isValid is not a function

    [0m [90m 394 |[39m       [36mconst[39m year2100 [33m=[39m kairos([32m'2100-02-29'[39m)[33m;[39m [90m// Not a leap year[39m
     [90m 395 |[39m       
    [31m[1m>[22m[39m[90m 396 |[39m       expect(year2000[33m.[39misValid())[33m.[39mtoBe([36mtrue[39m)[33m;[39m
     [90m     |[39m                       [31m[1m^[22m[39m
     [90m 397 |[39m       expect(year1900[33m.[39misValid())[33m.[39mtoBe([36mfalse[39m)[33m;[39m
     [90m 398 |[39m       expect(year2100[33m.[39misValid())[33m.[39mtoBe([36mfalse[39m)[33m;[39m
     [90m 399 |[39m     })[33m;[39m[0m

      at Object.<anonymous> (tests/integration/cross-platform.test.ts:396:23)

Test Suites: 2 failed, 12 passed, 14 total
Tests:       15 failed, 3 skipped, 323 passed, 341 total
Snapshots:   0 total
Time:        544.102 s
Ran all test suites.
